name	weight
Bacteria..__Firmicutes..__Clostridia..__Clostridiales..__Ruminococcaceae..__Faecalibacterium (pp) Bacteria..__Firmicutes..__Clostridia..__Clostridiales..__Ruminococcaceae..__Subdoligranulum	-0.379955917596817
Bacteria..__Firmicutes..__Clostridia..__Clostridiales..__Ruminococcaceae..__Faecalibacterium (pp) Bacteria..__Firmicutes..__Erysipelotrichia..__Erysipelotrichales..__Erysipelotrichaceae..__Holdemania	-0.430688202381134
Bacteria..__Firmicutes..__Clostridia..__Clostridiales..__Ruminococcaceae..__Faecalibacterium (pp) Bacteria..__Proteobacteria..__Gammaproteobacteria..__Enterobacteriales..__Enterobacteriaceae..__Escherichia_Shigella	-0.427900224924088
Bacteria..__Firmicutes..__Clostridia..__Clostridiales..__Ruminococcaceae..__Subdoligranulum (pp) Bacteria..__Firmicutes..__Clostridia..__Clostridiales..__Ruminococcaceae..__Faecalibacterium	-0.379955917596817
Bacteria..__Firmicutes..__Erysipelotrichia..__Erysipelotrichales..__Erysipelotrichaceae..__Holdemania (pp) Bacteria..__Firmicutes..__Clostridia..__Clostridiales..__Ruminococcaceae..__Faecalibacterium	-0.430688202381134
Bacteria..__Proteobacteria..__Gammaproteobacteria..__Enterobacteriales..__Enterobacteriaceae..__Escherichia_Shigella (pp) Bacteria..__Firmicutes..__Clostridia..__Clostridiales..__Ruminococcaceae..__Faecalibacterium	-0.427900224924088
